[odescomplicando.com/index.html]
[backblue.gif]
[fade.gif]
[index.html]
[odescomplicando.com/_assets/a0684b0780c739e9.vendor.ltr.css]
[odescomplicando.com/_assets/b6f00e114f884420.ltr.css]
[odescomplicando.com/_assets/static_font_4.ltr.css]
[odescomplicando.com/_assets/031ce2722000f4e3.runtime.js]
[odescomplicando.com/_assets/c1fefd034e402325.s4le6a.vendor.js]
[odescomplicando.com/_assets/06ccdda9ac6ff279.vendor.js]
[odescomplicando.com/_assets/778192951027d318.strings.js]
[odescomplicando.com/_assets/8bf9182b01697382.pt-BR.js]
[odescomplicando.com/_assets/a140836a525c603a.js]
[odescomplicando.com/_assets/images/2d0b56e7e51cf11036ad8734bdb67e2d.png]
[odescomplicando.com/_assets/images/e53c4bd8da5e491d9ab09e7cf0daf874.png]
[odescomplicando.com/_assets/images/725b756a69a7d4c235070e51acd85560.png]
[odescomplicando.com/_assets]
[odescomplicando.com/_assets/media/a65a1accad6a7fc235097ca9198d5320.png]
[odescomplicando.com/_assets/media/caeacd0fdbbda86cc4d08008d4b87c1e.png]
[odescomplicando.com/_assets/media/fe93a9da3473cbdc9293a3088641477a.png]
[odescomplicando.com/_assets/media/fb4f48d1acf550dff71ed56d6e65957e.png]
[odescomplicando.com/_assets/media/b43d554e22ea465107df5a2984ba1246.png]
[odescomplicando.com/_assets/media/dc26eca44ff77cde6df23c094f232c0e.png]
[odescomplicando.com/_assets/media/91c9e93f45c0424b2fbbb0b85b199362.png]
[odescomplicando.com/_assets/media/dc247a7bd6c61be5148469319c964f98.png]
[odescomplicando.com/_assets/media/b4250988e6d89928c025e77e8dc85a9f.png]
[odescomplicando.com/_assets/media/0fb5bbd07c3f19dea79606a3bc698ef8.png]
[odescomplicando.com/_assets/media/7be858b6cf08232669f893778e04b4c5.png]
[odescomplicando.com/_assets/media/fc5f29d689035e543dc8457bba38bca6.jpg]
[odescomplicando.com/_assets/media/6db9a1d6dfbe8435c38801936dc0bae3.jpg]
[odescomplicando.com/_assets/media/12018b709740188c8ec1405af39faf86.jpg]
[odescomplicando.com/_assets/media/1be25ffb9a1f3d92af8ebd2b8b35644b.jpg]
[odescomplicando.com/_assets/media/c43ac61bb276ed784b9feeff6d3167a8.jpg]
[odescomplicando.com/_assets/media/2a2f2e75ce9782c6423bb65281c0451c.jpg]
[odescomplicando.com/_assets/media/b853524fc47b1e9547a7aa02bca6a5e6.jpg]
[odescomplicando.com/_assets/media/fea1775c265beea9b248f4fa76d938d0.svg]
[odescomplicando.com/_assets/media/0cebe5f72e351df6bc2e8eff84a62943.png]
[odescomplicando.com/_assets/media/66bff0ccab74fbb4da3ed1c77f08f002.svg]
[odescomplicando.com/_assets/media/3fa08a6736b82420a701ef7954832414.png]
[odescomplicando.com/_assets/media/ad00e03363f3a88a3ff04e4d28ae1922.png]
[odescomplicando.com/_assets/media/97550f8da8791a912ce40dcdad0cd20d.png]
[odescomplicando.com/_assets/media/6eae03d6019705dc6fcf3a2d6b9c72af.png]
[odescomplicando.com/_assets/media/1e977d186c9b152f6dd67c817ed48c6c.png]
[odescomplicando.com/_assets/media/7f20910cbee5f84107ffa3b44f706ede.png]
[odescomplicando.com/_assets/media/2f594ba96493464f727e9a23bb4c359b.png]
[odescomplicando.com/_assets/media/7f17fc66b4a4abce5f01c81f6853b309.png]
[odescomplicando.com/_assets/media/baef259ba21ffcfc25be272799104d8b.png]
[odescomplicando.com/_assets/media/e25450d80ff52297a2b7f3cf2e70f8b1.png]
[odescomplicando.com/_assets/media/37f8387277175bf2b8122404b4295bc6.png]
[odescomplicando.com/_assets/media/911cc797b5fd0151af04877c92155419.png]
[odescomplicando.com/_assets/media/82f1c334cdef54000e6c097d69a16c6f.svg]
[odescomplicando.com/_assets/media/a56556a9c69e60955e3673fc65aecd0c.png]
[odescomplicando.com/_assets/media/6b0b28afea0e1f18d0d00dbd490d3745.png]
[odescomplicando.com/_assets/media/2d59852c9dcae7a142ad30390b7cdfdb.svg]
[odescomplicando.com/_assets/media/a4caae051521204252e1ca5c6c6c5d7e.png]
[odescomplicando.com/_assets/media/114e4164d8f9e06b5d5377b687041a8f.png]
[odescomplicando.com/_assets/media/bf77bdcae7cad3ab8e9dfa1f1da26cce.png]
[odescomplicando.com/_assets/media/c165fe41d3150f43fe30e62b698a4bdb.jpg]
[odescomplicando.com/_assets/media/143de6ad53e2ea774f30a14b0fbd3ace.jpg]
[odescomplicando.com/_assets/media/4fa5c94d4cac52023a2e6c4e95835eab.png]
[odescomplicando.com/_assets/media/3cb32165082cadec6d1834a8f5d6053e.svg]
[odescomplicando.com/_assets/media/01d3b70078e344a39f1854b678795dc7.png]
[odescomplicando.com/_assets/media/14cd3dbc44188d24e33027bf25634b57.png]
[odescomplicando.com/_assets/media/d5a04ed65af0b9b5bf522fc5d00ae8f5.png]
[odescomplicando.com/_assets/media/cda94aa28efba001a11404ed2f229160.png]
[odescomplicando.com/_assets/media/68009cc0f3998cee7118824c787aa8a6.png]
[odescomplicando.com/_assets/media/653f57fbfb72368ec0432d588b991ada.png]
[odescomplicando.com/_assets/media/f199ffc817ca9d91875855b23f297391.png]
[odescomplicando.com/_assets/media/483d458f8d4d637e79aa9198e40a20ab.png]
[odescomplicando.com/_assets/media/6bff3944eeced42a680895a77551d873.png]
[odescomplicando.com/_assets/media/c63553e95ef9d18a36175c7da6e1cede.png]
[odescomplicando.com/_assets/media/ca607e0187839bc7af67bdbb24988d9f.png]
[odescomplicando.com/_assets/media/09b8a552a5e55c50a527869171b2ac94.jpg]
[odescomplicando.com/_assets/media/c98f228311a414ea62e6d5a1e2456750.jpg]
[odescomplicando.com/_assets/media/17c06b03078e864f1f6cf73d54649a62.jpg]
[odescomplicando.com/_assets/media/33f3dd2efd3dcc9acc90de6f424692dd.svg]
[odescomplicando.com/_assets/media/08320a01f3d42a210688649025cf634d.png]
[odescomplicando.com/_assets/media/7e7509d637acc03aa91d1e72667c18ea.png]
[odescomplicando.com/_assets/media/5680484a3ca86920ed23dd8dcf422f09.png]
[odescomplicando.com/_assets/media/562f81e4eebd3be52af883d3cd621992.png]
[odescomplicando.com/_assets/media/14329019dcdfbd6df7c59731adb508ce.png]
[odescomplicando.com/_assets/media/bbf8bfadb3f53b97178584243c631325.png]
[odescomplicando.com/_assets/media/af995703f4a93ff4c2e9b2dc4c28b956.png]
[odescomplicando.com/_assets/media/be53e192d80080706355c2265da0574c.png]
[odescomplicando.com/_assets/media/a2a416a99af8119692a0aefed30a04dc.png]
[odescomplicando.com/_assets/media/7f96ae264c5320e56a2983c47b64c9d3.png]
[odescomplicando.com/_assets/media/ca66b0fbe24c5ec8f08e1ea6c981455a.png]
[odescomplicando.com/_assets/video/04937f572a72ad7080da37019eda4533.m3u]
[odescomplicando.com/index.html]
[odescomplicando.com/_assets/a0684b0780c739e9.vendor.ltr.css]
[odescomplicando.com/_assets/images/a9b8e7902ec1ab885d382156f33738e5.woff2]
[odescomplicando.com/_assets/images/013277426f0d555d96c7a75503df5754.woff]
[odescomplicando.com/_assets/images/d97a6ffa507b670a5b1664f98fc1183d.woff2]
[odescomplicando.com/_assets/images/1de7434d86166b0614ff3d61cda11a54.woff]
[odescomplicando.com/_assets/images/cff149ee1e9d2be50ac77bcd86769d05.woff2]
[odescomplicando.com/_assets/images/f93a5165fac252ecfd593929c4e6146f.woff]
[odescomplicando.com/_assets/images/621675e6be83f675d33562d2ff7a0f63.woff2]
[odescomplicando.com/_assets/images/762fe37b99d49707e783d6281412d12f.woff2]
[odescomplicando.com/_assets/images/d83221ee6a6841b17a754f68b6c5a3de.woff2]
[odescomplicando.com/_assets/images/e237b20d624e9275cdc02a523ab7f983.woff2]
[odescomplicando.com/_assets/images/3b5447850810ff964de17bcd37e03d5a.woff2]
[odescomplicando.com/_assets/images/a13025bc22c0d623507f155005c54563.woff2]
[odescomplicando.com/_assets/images/ad480883f297c3606af00979ee4c4483.woff]
[odescomplicando.com/_assets/images/477aad26d9a5a64609483931aa0a7a05.woff2]
[odescomplicando.com/_assets/images/0e2be7bf67e32755fd73a605a2afd13b.woff]
[odescomplicando.com/_assets/images/85b2d625d97d50571765987bbac33850.woff2]
[odescomplicando.com/_assets/images/3f03afd80eaf13ee58a7d0945b7d0963.woff]
[odescomplicando.com/_assets/images/02bba2de1b5f7fc3b564b21521e774d0.woff2]
[odescomplicando.com/_assets/images/163124370f3e2ded710887a156ab3fa3.woff]
[odescomplicando.com/_assets/images/0b41617d3a05bbbe23065ec719e26fd1.woff2]
[odescomplicando.com/_assets/images/650cef2d886ef4ca5c18d3c107546daf.woff]
[odescomplicando.com/_assets/images/d4b0974727cae80b9c6d087e56a9a4e4.woff2]
[odescomplicando.com/_assets/images/771cbf29ddc3145dda326afee4b10fb8.woff]
[odescomplicando.com/_assets/images/6c9b9f4b28322c7473667e0fc1690675.woff2]
[odescomplicando.com/_assets/images/79359a454d1de78942f3c2c687fc67ea.woff]
[odescomplicando.com/_assets/images/a8f52f1cd47135bfc86b1f313868708d.woff2]
[odescomplicando.com/_assets/images/e3e13973dcf74ace522a4b8ef447a7de.woff]
[odescomplicando.com/_assets/images/ca4237378da57e1e318978281e7fee60.woff2]
[odescomplicando.com/_assets/images/d7669ff2d0106ad99a7a55c4d540478c.woff]
[odescomplicando.com/_assets/images/d56fc13fe0dc1327dceed816b07dbec3.woff2]
[odescomplicando.com/_assets/images/311ec631b3b3a7f88c724351af8bcef4.woff]
[odescomplicando.com/_assets/images/c9972caeca3358fa2841a115105a8544.woff2]
[odescomplicando.com/_assets/images/c3a91206711602c9b5f54e9514244e64.woff]
[odescomplicando.com/_assets/images/dafb7fee1db6b7ae9b1184239b11acf5.woff2]
[odescomplicando.com/_assets/images/d6cbb5c42a1149e38e1fb7a238032bc8.woff]
[odescomplicando.com/_assets/images/964b01a520402dcf8405de90289c35f4.woff2]
[odescomplicando.com/_assets/images/4badd42f0e1cdba66ffbd5cc91aa4365.woff]
[odescomplicando.com/_assets/images/58cf708f2cc4d2b3bbf7e6add25f5c20.woff2]
[odescomplicando.com/_assets/images/4f9f09e9c9bc053cc21f7cf7f5590904.woff]
[odescomplicando.com/_assets/images/4bdcf0ce1296b448409c024e57fdcdb9.woff2]
[odescomplicando.com/_assets/images/005dabb12cdb5c5deabd1782c3ff196d.woff]
[odescomplicando.com/_assets/images/f4113bb9d3def37ca7f5c7cd2341ec33.woff2]
[odescomplicando.com/_assets/images/614a39a4813512a63e905b12dc5f41ba.woff]
[odescomplicando.com/_assets/images/5989cf357de7427311e30576891372df.woff2]
[odescomplicando.com/_assets/images/b3571e313b47ed988fc8429322af7677.woff]
[odescomplicando.com/_assets/images/5d050a324d95a6a18dae93e08c01bd6b.woff2]
[odescomplicando.com/_assets/images/08f3a04653878f9b2369ec3c327d7c46.woff]
[odescomplicando.com/_assets/images/87e22a62965f141aa08e93699b0b3527.jpg]
[odescomplicando.com/_assets/images/b46630e470f4040eba7033cf2435edce.woff]
[odescomplicando.com/_assets/images/e755c8eab4133359c241132063a279d0.woff2]
[odescomplicando.com/_assets/images/89ba4e29dc7a63cd15959a5bb068bb0e.woff]
[odescomplicando.com/_assets/images/0c4fa4c622644d97f38d201cba1d30f5.woff2]
[odescomplicando.com/_assets/images/a47b96672d775073beaf93b7e7ffff54.woff2]
[odescomplicando.com/_assets/images/7aed216c4e61d12ee639b0b758037c5d.woff2]
[odescomplicando.com/_assets/images/eafec10d3f23f994fb6dc59545035460.woff2]
[odescomplicando.com/_assets/images/6923b1967484e2b12e1016fb33061791.woff2]
[odescomplicando.com/_assets/images/ff9d619b59f5cb3529b100448f398ac5.woff2]
[odescomplicando.com/_assets/b6f00e114f884420.ltr.css]
[odescomplicando.com/_assets/static_font_4.ltr.css]
[odescomplicando.com/_assets.html]
[odescomplicando.com/_assets/media/fea1775c265beea9b248f4fa76d938d0.svg]
[odescomplicando.com/_assets/media/66bff0ccab74fbb4da3ed1c77f08f002.svg]
[odescomplicando.com/_assets/media/82f1c334cdef54000e6c097d69a16c6f.svg]
[odescomplicando.com/_assets/media/2d59852c9dcae7a142ad30390b7cdfdb.svg]
[odescomplicando.com/_assets/media/3cb32165082cadec6d1834a8f5d6053e.svg]
[odescomplicando.com/_assets/media/33f3dd2efd3dcc9acc90de6f424692dd.svg]
[odescomplicando.com/_assets/video/EXTM3U]
[odescomplicando.com/_assets/video/EXT-X-VERSION_7]
[odescomplicando.com/_assets/video/EXT-X-STREAM-INF_BANDWIDTH=917886,CODECS=_avc1.64001f_,RESOLUTION=1280x720]
[odescomplicando.com/_assets/video/39c2f7fc42e8377a541f195f05a3880f.m3u]
[odescomplicando.com/_assets/video/EXT-X-STREAM-INF_BANDWIDTH=279971,CODECS=_avc1.64001e_,RESOLUTION=640x360]
[odescomplicando.com/_assets/video/7ebb4befb9d77985ec312030e045606d.m3u]
[odescomplicando.com/_assets/video/EXT-X-STREAM-INF_BANDWIDTH=160888,CODECS=_avc1.640015_,RESOLUTION=480x270]
[odescomplicando.com/_assets/video/16b4a4eec110824eb10fb525af8bd7c9.m3u]
[odescomplicando.com/_assets/video/EXT-X-STREAM-INF_BANDWIDTH=83908,CODECS=_avc1.640014_,RESOLUTION=320x180]
[odescomplicando.com/_assets/video/1c2bf13b5022b9566f4109d175c7e2ba.m3u]
[odescomplicando.com/_assets/video/EXT-X-STREAM-INF_BANDWIDTH=2019877,CODECS=_avc1.640029_,RESOLUTION=1920x1080]
[odescomplicando.com/_assets/video/04937f572a72ad7080da37019eda4533.m3u]
[odescomplicando.com/_assets/video/500170f6692db95e1c0365dfb608e8a4.m3u]
[odescomplicando.com/_assets/video/EXTM3U.html]
[odescomplicando.com/_assets/video/EXT-X-VERSION_7.html]
[odescomplicando.com/_assets/video/EXT-X-STREAM-INF_BANDWIDTH=917886,CODECS=_avc1.html]
[odescomplicando.com/_assets/video/EXT-X-TARGETDURATION_2]
[odescomplicando.com/_assets/video/EXT-X-MEDIA-SEQUENCE_1]
[odescomplicando.com/_assets/video/EXT-X-PLAYLIST-TYPE_VOD]
[odescomplicando.com/_assets/video/EXT-X-MAP_URI=_8488f1b1e2c8a8431ba70a817d2999ad.mp4_,BYTERANGE=_822@0_]
[odescomplicando.com/_assets/video/EXT-X-BYTERANGE_209481@994]
[odescomplicando.com/_assets/video/8488f1b1e2c8a8431ba70a817d2999ad.mp4]
[odescomplicando.com/_assets/video/EXT-X-BYTERANGE_257295@210475]
[odescomplicando.com/_assets/video/EXT-X-BYTERANGE_234059@467770]
[odescomplicando.com/_assets/video/EXT-X-BYTERANGE_252592@701829]
[odescomplicando.com/_assets/video/EXT-X-BYTERANGE_233327@954421]
[odescomplicando.com/_assets/video/EXT-X-BYTERANGE_266366@1187748]
[odescomplicando.com/_assets/video/EXT-X-BYTERANGE_229471@1454114]
[odescomplicando.com/_assets/video/EXT-X-BYTERANGE_259016@1683585]
[odescomplicando.com/_assets/video/EXT-X-BYTERANGE_257303@1942601]
[odescomplicando.com/_assets/video/EXT-X-BYTERANGE_282110@2199904]
[odescomplicando.com/_assets/video/EXT-X-BYTERANGE_30850@2482014]
[odescomplicando.com/_assets/video/EXT-X-ENDLIST]
[odescomplicando.com/_assets/video/39c2f7fc42e8377a541f195f05a3880f.m3u]
[odescomplicando.com/_assets/video/EXT-X-STREAM-INF_BANDWIDTH=279971,CODECS=_avc1.html]
[odescomplicando.com/_assets/video/EXT-X-MAP_URI=_039344b144d43b250f048cdbe482cfb5.mp4_,BYTERANGE=_824@0_]
[odescomplicando.com/_assets/video/EXT-X-BYTERANGE_69888@996]
[odescomplicando.com/_assets/video/039344b144d43b250f048cdbe482cfb5.mp4]
[odescomplicando.com/_assets/video/EXT-X-BYTERANGE_80662@70884]
[odescomplicando.com/_assets/video/EXT-X-BYTERANGE_69579@151546]
[odescomplicando.com/_assets/video/EXT-X-BYTERANGE_72647@221125]
[odescomplicando.com/_assets/video/EXT-X-BYTERANGE_65293@293772]
[odescomplicando.com/_assets/video/EXT-X-BYTERANGE_78213@359065]
[odescomplicando.com/_assets/video/EXT-X-BYTERANGE_67758@437278]
[odescomplicando.com/_assets/video/EXT-X-BYTERANGE_78563@505036]
[odescomplicando.com/_assets/video/EXT-X-BYTERANGE_83250@583599]
[odescomplicando.com/_assets/video/EXT-X-BYTERANGE_86396@666849]
[odescomplicando.com/_assets/video/EXT-X-BYTERANGE_9677@753245]
[odescomplicando.com/_assets/video/7ebb4befb9d77985ec312030e045606d.m3u]
[odescomplicando.com/_assets/video/EXT-X-STREAM-INF_BANDWIDTH=160888,CODECS=_avc1.html]
[odescomplicando.com/_assets/video/EXT-X-MAP_URI=_f9ec4f50e597d3bf58902aa63745ee7c.mp4_,BYTERANGE=_822@0_]
[odescomplicando.com/_assets/video/EXT-X-BYTERANGE_40223@994]
[odescomplicando.com/_assets/video/f9ec4f50e597d3bf58902aa63745ee7c.mp4]
[odescomplicando.com/_assets/video/EXT-X-BYTERANGE_44614@41217]
[odescomplicando.com/_assets/video/EXT-X-BYTERANGE_38153@85831]
[odescomplicando.com/_assets/video/EXT-X-BYTERANGE_38863@123984]
[odescomplicando.com/_assets/video/EXT-X-BYTERANGE_36345@162847]
[odescomplicando.com/_assets/video/EXT-X-BYTERANGE_44475@199192]
[odescomplicando.com/_assets/video/EXT-X-BYTERANGE_35469@243667]
[odescomplicando.com/_assets/video/EXT-X-BYTERANGE_42195@279136]
[odescomplicando.com/_assets/video/EXT-X-BYTERANGE_47538@321331]
[odescomplicando.com/_assets/video/EXT-X-BYTERANGE_48687@368869]
[odescomplicando.com/_assets/video/EXT-X-BYTERANGE_5707@417556]
[odescomplicando.com/_assets/video/16b4a4eec110824eb10fb525af8bd7c9.m3u]
[odescomplicando.com/_assets/video/EXT-X-STREAM-INF_BANDWIDTH=83908,CODECS=_avc1.html]
[odescomplicando.com/_assets/video/EXT-X-MAP_URI=_99ef9b07415c6e34696889d4cf029b70.mp4_,BYTERANGE=_822@0_]
[odescomplicando.com/_assets/video/EXT-X-BYTERANGE_20978@994]
[odescomplicando.com/_assets/video/99ef9b07415c6e34696889d4cf029b70.mp4]
[odescomplicando.com/_assets/video/EXT-X-BYTERANGE_23290@21972]
[odescomplicando.com/_assets/video/EXT-X-BYTERANGE_18539@45262]
[odescomplicando.com/_assets/video/EXT-X-BYTERANGE_17166@63801]
[odescomplicando.com/_assets/video/EXT-X-BYTERANGE_15061@80967]
[odescomplicando.com/_assets/video/EXT-X-BYTERANGE_17899@96028]
[odescomplicando.com/_assets/video/EXT-X-BYTERANGE_17217@113927]
[odescomplicando.com/_assets/video/EXT-X-BYTERANGE_20957@131144]
[odescomplicando.com/_assets/video/EXT-X-BYTERANGE_23922@152101]
[odescomplicando.com/_assets/video/EXT-X-BYTERANGE_23406@176023]
[odescomplicando.com/_assets/video/EXT-X-BYTERANGE_2750@199429]
[odescomplicando.com/_assets/video/1c2bf13b5022b9566f4109d175c7e2ba.m3u]
[odescomplicando.com/_assets/video/EXT-X-STREAM-INF_BANDWIDTH=2019877,CODECS=_avc1.html]
[odescomplicando.com/_assets/video/EXT-X-MAP_URI=_415d92d13829e833e16976ba029666fe.mp4_,BYTERANGE=_807@0_]
[odescomplicando.com/_assets/video/EXT-X-BYTERANGE_437896@979]
[odescomplicando.com/_assets/video/415d92d13829e833e16976ba029666fe.mp4]
[odescomplicando.com/_assets/video/EXT-X-BYTERANGE_536483@438875.128.delayed]
[odescomplicando.com/_assets/video/EXT-X-BYTERANGE_512703@975358]
[odescomplicando.com/_assets/video/EXT-X-BYTERANGE_563304@1488061]
[odescomplicando.com/_assets/video/EXT-X-BYTERANGE_511581@2051365]
[odescomplicando.com/_assets/video/EXT-X-BYTERANGE_589879@2562946]
[odescomplicando.com/_assets/video/EXT-X-BYTERANGE_504891@3152825]
[odescomplicando.com/_assets/video/EXT-X-BYTERANGE_585181@3657716]
[odescomplicando.com/_assets/video/EXT-X-BYTERANGE_552795@4242897]
[odescomplicando.com/_assets/video/EXT-X-BYTERANGE_625702@4795692]
[odescomplicando.com/_assets/video/EXT-X-BYTERANGE_59308@5421394]
[odescomplicando.com/_assets/video/500170f6692db95e1c0365dfb608e8a4.m3u]
[odescomplicando.com/_assets/video/EXT-X-TARGETDURATION_2.html]
[odescomplicando.com/_assets/video/EXT-X-MEDIA-SEQUENCE_1.html]
[odescomplicando.com/_assets/video/EXT-X-PLAYLIST-TYPE_VOD.html]
[odescomplicando.com/_assets/video/EXT-X-MAP_URI=_8488f1b1e2c8a8431ba70a817d2999ad.html]
[odescomplicando.com/_assets/video/EXT-X-BYTERANGE_209481@994.html]
[odescomplicando.com/_assets/video/EXT-X-BYTERANGE_257295@210475.html]
[odescomplicando.com/_assets/video/EXT-X-BYTERANGE_234059@467770.html]
[odescomplicando.com/_assets/video/EXT-X-BYTERANGE_252592@701829.html]
[odescomplicando.com/_assets/video/EXT-X-BYTERANGE_233327@954421.html]
[odescomplicando.com/_assets/video/EXT-X-BYTERANGE_266366@1187748.html]
[odescomplicando.com/_assets/video/EXT-X-BYTERANGE_229471@1454114.html]
[odescomplicando.com/_assets/video/EXT-X-BYTERANGE_259016@1683585.html]
[odescomplicando.com/_assets/video/EXT-X-BYTERANGE_257303@1942601.html]
[odescomplicando.com/_assets/video/EXT-X-BYTERANGE_282110@2199904.html]
[odescomplicando.com/_assets/video/EXT-X-BYTERANGE_30850@2482014.html]
[odescomplicando.com/_assets/video/EXT-X-ENDLIST.html]
[odescomplicando.com/_assets/video/EXT-X-MAP_URI=_039344b144d43b250f048cdbe482cfb5.html]
[odescomplicando.com/_assets/video/EXT-X-BYTERANGE_69888@996.html]
[odescomplicando.com/_assets/video/EXT-X-BYTERANGE_80662@70884.html]
[odescomplicando.com/_assets/video/EXT-X-BYTERANGE_69579@151546.html]
[odescomplicando.com/_assets/video/EXT-X-BYTERANGE_72647@221125.html]
[odescomplicando.com/_assets/video/EXT-X-BYTERANGE_65293@293772.html]
[odescomplicando.com/_assets/video/EXT-X-BYTERANGE_78213@359065.html]
[odescomplicando.com/_assets/video/EXT-X-BYTERANGE_67758@437278.html]
[odescomplicando.com/_assets/video/EXT-X-BYTERANGE_78563@505036.html]
[odescomplicando.com/_assets/video/EXT-X-BYTERANGE_83250@583599.html]
[odescomplicando.com/_assets/video/EXT-X-BYTERANGE_86396@666849.html]
[odescomplicando.com/_assets/video/EXT-X-BYTERANGE_9677@753245.html]
[odescomplicando.com/_assets/video/EXT-X-MAP_URI=_f9ec4f50e597d3bf58902aa63745ee7c.html]
[odescomplicando.com/_assets/video/EXT-X-BYTERANGE_40223@994.html]
[odescomplicando.com/_assets/video/EXT-X-BYTERANGE_44614@41217.html]
[odescomplicando.com/_assets/video/EXT-X-BYTERANGE_38153@85831.html]
[odescomplicando.com/_assets/video/EXT-X-BYTERANGE_38863@123984.html]
[odescomplicando.com/_assets/video/EXT-X-BYTERANGE_36345@162847.html]
[odescomplicando.com/_assets/video/EXT-X-BYTERANGE_44475@199192.html]
[odescomplicando.com/_assets/video/EXT-X-BYTERANGE_35469@243667.html]
[odescomplicando.com/_assets/video/EXT-X-BYTERANGE_42195@279136.html]
[odescomplicando.com/_assets/video/EXT-X-BYTERANGE_47538@321331.html]
[odescomplicando.com/_assets/video/EXT-X-BYTERANGE_48687@368869.html]
[odescomplicando.com/_assets/video/EXT-X-BYTERANGE_5707@417556.html]
[odescomplicando.com/_assets/video/EXT-X-MAP_URI=_99ef9b07415c6e34696889d4cf029b70.html]
[odescomplicando.com/_assets/video/EXT-X-BYTERANGE_20978@994.html]
[odescomplicando.com/_assets/video/EXT-X-BYTERANGE_23290@21972.html]
[odescomplicando.com/_assets/video/EXT-X-BYTERANGE_18539@45262.html]
[odescomplicando.com/_assets/video/EXT-X-BYTERANGE_17166@63801.html]
[odescomplicando.com/_assets/video/EXT-X-BYTERANGE_15061@80967.html]
[odescomplicando.com/_assets/video/EXT-X-BYTERANGE_17899@96028.html]
[odescomplicando.com/_assets/video/EXT-X-BYTERANGE_17217@113927.html]
[odescomplicando.com/_assets/video/EXT-X-BYTERANGE_20957@131144.html]
[odescomplicando.com/_assets/video/EXT-X-BYTERANGE_23922@152101.html]
[odescomplicando.com/_assets/video/EXT-X-BYTERANGE_23406@176023.html]
[odescomplicando.com/_assets/video/EXT-X-BYTERANGE_2750@199429.html]
[odescomplicando.com/_assets/video/EXT-X-MAP_URI=_415d92d13829e833e16976ba029666fe.html]
[odescomplicando.com/_assets/video/EXT-X-BYTERANGE_437896@979.html]
[odescomplicando.com/_assets/video/EXT-X-BYTERANGE_536483@438875.html]
[odescomplicando.com/_assets/video/EXT-X-BYTERANGE_512703@975358.html]
[odescomplicando.com/_assets/video/EXT-X-BYTERANGE_563304@1488061.html]
[odescomplicando.com/_assets/video/EXT-X-BYTERANGE_511581@2051365.html]
[odescomplicando.com/_assets/video/EXT-X-BYTERANGE_589879@2562946.html]
[odescomplicando.com/_assets/video/EXT-X-BYTERANGE_504891@3152825.html]
[odescomplicando.com/_assets/video/EXT-X-BYTERANGE_585181@3657716.html]
[odescomplicando.com/_assets/video/EXT-X-BYTERANGE_552795@4242897.html]
[odescomplicando.com/_assets/video/EXT-X-BYTERANGE_625702@4795692.html]
[odescomplicando.com/_assets/video/EXT-X-BYTERANGE_59308@5421394.html]
